src/components/ActivityFeed.tsx(17,5): error TS2322: Type 'ForwardRefExoticComponent<Omit<LucideProps, "ref"> & RefAttributes<SVGSVGElement>>' is not assignable to type 'FC<{ size?: number | undefined; color?: string | undefined; }>'.
  Types of property 'propTypes' are incompatible.
    Type 'WeakValidationMap<Omit<LucideProps, "ref"> & RefAttributes<SVGSVGElement>> | undefined' is not assignable to type 'WeakValidationMap<{ size?: number | undefined; color?: string | undefined; }> | undefined'.
      Type 'WeakValidationMap<Omit<LucideProps, "ref"> & RefAttributes<SVGSVGElement>>' is not assignable to type 'WeakValidationMap<{ size?: number | undefined; color?: string | undefined; }>'.
        Types of property 'size' are incompatible.
          Type 'Validator<string | number | null | undefined> | undefined' is not assignable to type 'Validator<number | null | undefined> | undefined'.
            Type 'Validator<string | number | null | undefined>' is not assignable to type 'Validator<number | null | undefined>'.
              Type 'string | number | null | undefined' is not assignable to type 'number | null | undefined'.
                Type 'string' is not assignable to type 'number'.
src/components/ActivityFeed.tsx(18,5): error TS2322: Type 'ForwardRefExoticComponent<Omit<LucideProps, "ref"> & RefAttributes<SVGSVGElement>>' is not assignable to type 'FC<{ size?: number | undefined; color?: string | undefined; }>'.
  Types of property 'propTypes' are incompatible.
    Type 'WeakValidationMap<Omit<LucideProps, "ref"> & RefAttributes<SVGSVGElement>> | undefined' is not assignable to type 'WeakValidationMap<{ size?: number | undefined; color?: string | undefined; }> | undefined'.
      Type 'WeakValidationMap<Omit<LucideProps, "ref"> & RefAttributes<SVGSVGElement>>' is not assignable to type 'WeakValidationMap<{ size?: number | undefined; color?: string | undefined; }>'.
        Types of property 'size' are incompatible.
          Type 'Validator<string | number | null | undefined> | undefined' is not assignable to type 'Validator<number | null | undefined> | undefined'.
            Type 'Validator<string | number | null | undefined>' is not assignable to type 'Validator<number | null | undefined>'.
              Type 'string | number | null | undefined' is not assignable to type 'number | null | undefined'.
                Type 'string' is not assignable to type 'number'.
src/components/ActivityFeed.tsx(19,5): error TS2322: Type 'ForwardRefExoticComponent<Omit<LucideProps, "ref"> & RefAttributes<SVGSVGElement>>' is not assignable to type 'FC<{ size?: number | undefined; color?: string | undefined; }>'.
  Types of property 'propTypes' are incompatible.
    Type 'WeakValidationMap<Omit<LucideProps, "ref"> & RefAttributes<SVGSVGElement>> | undefined' is not assignable to type 'WeakValidationMap<{ size?: number | undefined; color?: string | undefined; }> | undefined'.
      Type 'WeakValidationMap<Omit<LucideProps, "ref"> & RefAttributes<SVGSVGElement>>' is not assignable to type 'WeakValidationMap<{ size?: number | undefined; color?: string | undefined; }>'.
        Types of property 'size' are incompatible.
          Type 'Validator<string | number | null | undefined> | undefined' is not assignable to type 'Validator<number | null | undefined> | undefined'.
            Type 'Validator<string | number | null | undefined>' is not assignable to type 'Validator<number | null | undefined>'.
              Type 'string | number | null | undefined' is not assignable to type 'number | null | undefined'.
                Type 'string' is not assignable to type 'number'.
src/components/ActivityFeed.tsx(20,5): error TS2322: Type 'ForwardRefExoticComponent<Omit<LucideProps, "ref"> & RefAttributes<SVGSVGElement>>' is not assignable to type 'FC<{ size?: number | undefined; color?: string | undefined; }>'.
  Types of property 'propTypes' are incompatible.
    Type 'WeakValidationMap<Omit<LucideProps, "ref"> & RefAttributes<SVGSVGElement>> | undefined' is not assignable to type 'WeakValidationMap<{ size?: number | undefined; color?: string | undefined; }> | undefined'.
      Type 'WeakValidationMap<Omit<LucideProps, "ref"> & RefAttributes<SVGSVGElement>>' is not assignable to type 'WeakValidationMap<{ size?: number | undefined; color?: string | undefined; }>'.
        Types of property 'size' are incompatible.
          Type 'Validator<string | number | null | undefined> | undefined' is not assignable to type 'Validator<number | null | undefined> | undefined'.
            Type 'Validator<string | number | null | undefined>' is not assignable to type 'Validator<number | null | undefined>'.
              Type 'string | number | null | undefined' is not assignable to type 'number | null | undefined'.
                Type 'string' is not assignable to type 'number'.
src/components/ActivityFeed.tsx(21,5): error TS2322: Type 'ForwardRefExoticComponent<Omit<LucideProps, "ref"> & RefAttributes<SVGSVGElement>>' is not assignable to type 'FC<{ size?: number | undefined; color?: string | undefined; }>'.
  Types of property 'propTypes' are incompatible.
    Type 'WeakValidationMap<Omit<LucideProps, "ref"> & RefAttributes<SVGSVGElement>> | undefined' is not assignable to type 'WeakValidationMap<{ size?: number | undefined; color?: string | undefined; }> | undefined'.
      Type 'WeakValidationMap<Omit<LucideProps, "ref"> & RefAttributes<SVGSVGElement>>' is not assignable to type 'WeakValidationMap<{ size?: number | undefined; color?: string | undefined; }>'.
        Types of property 'size' are incompatible.
          Type 'Validator<string | number | null | undefined> | undefined' is not assignable to type 'Validator<number | null | undefined> | undefined'.
            Type 'Validator<string | number | null | undefined>' is not assignable to type 'Validator<number | null | undefined>'.
              Type 'string | number | null | undefined' is not assignable to type 'number | null | undefined'.
                Type 'string' is not assignable to type 'number'.
src/components/ActivityFeed.tsx(22,5): error TS2322: Type 'ForwardRefExoticComponent<Omit<LucideProps, "ref"> & RefAttributes<SVGSVGElement>>' is not assignable to type 'FC<{ size?: number | undefined; color?: string | undefined; }>'.
  Types of property 'propTypes' are incompatible.
    Type 'WeakValidationMap<Omit<LucideProps, "ref"> & RefAttributes<SVGSVGElement>> | undefined' is not assignable to type 'WeakValidationMap<{ size?: number | undefined; color?: string | undefined; }> | undefined'.
      Type 'WeakValidationMap<Omit<LucideProps, "ref"> & RefAttributes<SVGSVGElement>>' is not assignable to type 'WeakValidationMap<{ size?: number | undefined; color?: string | undefined; }>'.
        Types of property 'size' are incompatible.
          Type 'Validator<string | number | null | undefined> | undefined' is not assignable to type 'Validator<number | null | undefined> | undefined'.
            Type 'Validator<string | number | null | undefined>' is not assignable to type 'Validator<number | null | undefined>'.
              Type 'string | number | null | undefined' is not assignable to type 'number | null | undefined'.
                Type 'string' is not assignable to type 'number'.
src/components/WorkflowVisualizer.tsx(23,5): error TS2322: Type 'ForwardRefExoticComponent<Omit<LucideProps, "ref"> & RefAttributes<SVGSVGElement>>' is not assignable to type 'FC<{ size?: number | undefined; color?: string | undefined; className?: string | undefined; }>'.
  Types of property 'propTypes' are incompatible.
    Type 'WeakValidationMap<Omit<LucideProps, "ref"> & RefAttributes<SVGSVGElement>> | undefined' is not assignable to type 'WeakValidationMap<{ size?: number | undefined; color?: string | undefined; className?: string | undefined; }> | undefined'.
      Type 'WeakValidationMap<Omit<LucideProps, "ref"> & RefAttributes<SVGSVGElement>>' is not assignable to type 'WeakValidationMap<{ size?: number | undefined; color?: string | undefined; className?: string | undefined; }>'.
        Types of property 'size' are incompatible.
          Type 'Validator<string | number | null | undefined> | undefined' is not assignable to type 'Validator<number | null | undefined> | undefined'.
            Type 'Validator<string | number | null | undefined>' is not assignable to type 'Validator<number | null | undefined>'.
              Type 'string | number | null | undefined' is not assignable to type 'number | null | undefined'.
                Type 'string' is not assignable to type 'number'.
src/components/WorkflowVisualizer.tsx(24,5): error TS2322: Type 'ForwardRefExoticComponent<Omit<LucideProps, "ref"> & RefAttributes<SVGSVGElement>>' is not assignable to type 'FC<{ size?: number | undefined; color?: string | undefined; className?: string | undefined; }>'.
  Types of property 'propTypes' are incompatible.
    Type 'WeakValidationMap<Omit<LucideProps, "ref"> & RefAttributes<SVGSVGElement>> | undefined' is not assignable to type 'WeakValidationMap<{ size?: number | undefined; color?: string | undefined; className?: string | undefined; }> | undefined'.
      Type 'WeakValidationMap<Omit<LucideProps, "ref"> & RefAttributes<SVGSVGElement>>' is not assignable to type 'WeakValidationMap<{ size?: number | undefined; color?: string | undefined; className?: string | undefined; }>'.
        Types of property 'size' are incompatible.
          Type 'Validator<string | number | null | undefined> | undefined' is not assignable to type 'Validator<number | null | undefined> | undefined'.
            Type 'Validator<string | number | null | undefined>' is not assignable to type 'Validator<number | null | undefined>'.
              Type 'string | number | null | undefined' is not assignable to type 'number | null | undefined'.
                Type 'string' is not assignable to type 'number'.
src/components/WorkflowVisualizer.tsx(25,5): error TS2322: Type 'ForwardRefExoticComponent<Omit<LucideProps, "ref"> & RefAttributes<SVGSVGElement>>' is not assignable to type 'FC<{ size?: number | undefined; color?: string | undefined; className?: string | undefined; }>'.
  Types of property 'propTypes' are incompatible.
    Type 'WeakValidationMap<Omit<LucideProps, "ref"> & RefAttributes<SVGSVGElement>> | undefined' is not assignable to type 'WeakValidationMap<{ size?: number | undefined; color?: string | undefined; className?: string | undefined; }> | undefined'.
      Type 'WeakValidationMap<Omit<LucideProps, "ref"> & RefAttributes<SVGSVGElement>>' is not assignable to type 'WeakValidationMap<{ size?: number | undefined; color?: string | undefined; className?: string | undefined; }>'.
        Types of property 'size' are incompatible.
          Type 'Validator<string | number | null | undefined> | undefined' is not assignable to type 'Validator<number | null | undefined> | undefined'.
            Type 'Validator<string | number | null | undefined>' is not assignable to type 'Validator<number | null | undefined>'.
              Type 'string | number | null | undefined' is not assignable to type 'number | null | undefined'.
                Type 'string' is not assignable to type 'number'.
src/components/WorkflowVisualizer.tsx(26,5): error TS2322: Type 'ForwardRefExoticComponent<Omit<LucideProps, "ref"> & RefAttributes<SVGSVGElement>>' is not assignable to type 'FC<{ size?: number | undefined; color?: string | undefined; className?: string | undefined; }>'.
  Types of property 'propTypes' are incompatible.
    Type 'WeakValidationMap<Omit<LucideProps, "ref"> & RefAttributes<SVGSVGElement>> | undefined' is not assignable to type 'WeakValidationMap<{ size?: number | undefined; color?: string | undefined; className?: string | undefined; }> | undefined'.
      Type 'WeakValidationMap<Omit<LucideProps, "ref"> & RefAttributes<SVGSVGElement>>' is not assignable to type 'WeakValidationMap<{ size?: number | undefined; color?: string | undefined; className?: string | undefined; }>'.
        Types of property 'size' are incompatible.
          Type 'Validator<string | number | null | undefined> | undefined' is not assignable to type 'Validator<number | null | undefined> | undefined'.
            Type 'Validator<string | number | null | undefined>' is not assignable to type 'Validator<number | null | undefined>'.
              Type 'string | number | null | undefined' is not assignable to type 'number | null | undefined'.
                Type 'string' is not assignable to type 'number'.
src/components/WorkflowVisualizer.tsx(27,5): error TS2322: Type 'ForwardRefExoticComponent<Omit<LucideProps, "ref"> & RefAttributes<SVGSVGElement>>' is not assignable to type 'FC<{ size?: number | undefined; color?: string | undefined; className?: string | undefined; }>'.
  Types of property 'propTypes' are incompatible.
    Type 'WeakValidationMap<Omit<LucideProps, "ref"> & RefAttributes<SVGSVGElement>> | undefined' is not assignable to type 'WeakValidationMap<{ size?: number | undefined; color?: string | undefined; className?: string | undefined; }> | undefined'.
      Type 'WeakValidationMap<Omit<LucideProps, "ref"> & RefAttributes<SVGSVGElement>>' is not assignable to type 'WeakValidationMap<{ size?: number | undefined; color?: string | undefined; className?: string | undefined; }>'.
        Types of property 'size' are incompatible.
          Type 'Validator<string | number | null | undefined> | undefined' is not assignable to type 'Validator<number | null | undefined> | undefined'.
            Type 'Validator<string | number | null | undefined>' is not assignable to type 'Validator<number | null | undefined>'.
              Type 'string | number | null | undefined' is not assignable to type 'number | null | undefined'.
                Type 'string' is not assignable to type 'number'.
src/components/WorkflowVisualizer.tsx(28,5): error TS2322: Type 'ForwardRefExoticComponent<Omit<LucideProps, "ref"> & RefAttributes<SVGSVGElement>>' is not assignable to type 'FC<{ size?: number | undefined; color?: string | undefined; className?: string | undefined; }>'.
  Types of property 'propTypes' are incompatible.
    Type 'WeakValidationMap<Omit<LucideProps, "ref"> & RefAttributes<SVGSVGElement>> | undefined' is not assignable to type 'WeakValidationMap<{ size?: number | undefined; color?: string | undefined; className?: string | undefined; }> | undefined'.
      Type 'WeakValidationMap<Omit<LucideProps, "ref"> & RefAttributes<SVGSVGElement>>' is not assignable to type 'WeakValidationMap<{ size?: number | undefined; color?: string | undefined; className?: string | undefined; }>'.
        Types of property 'size' are incompatible.
          Type 'Validator<string | number | null | undefined> | undefined' is not assignable to type 'Validator<number | null | undefined> | undefined'.
            Type 'Validator<string | number | null | undefined>' is not assignable to type 'Validator<number | null | undefined>'.
              Type 'string | number | null | undefined' is not assignable to type 'number | null | undefined'.
                Type 'string' is not assignable to type 'number'.
src/components/WorkflowVisualizer.tsx(29,5): error TS2322: Type 'ForwardRefExoticComponent<Omit<LucideProps, "ref"> & RefAttributes<SVGSVGElement>>' is not assignable to type 'FC<{ size?: number | undefined; color?: string | undefined; className?: string | undefined; }>'.
  Types of property 'propTypes' are incompatible.
    Type 'WeakValidationMap<Omit<LucideProps, "ref"> & RefAttributes<SVGSVGElement>> | undefined' is not assignable to type 'WeakValidationMap<{ size?: number | undefined; color?: string | undefined; className?: string | undefined; }> | undefined'.
      Type 'WeakValidationMap<Omit<LucideProps, "ref"> & RefAttributes<SVGSVGElement>>' is not assignable to type 'WeakValidationMap<{ size?: number | undefined; color?: string | undefined; className?: string | undefined; }>'.
        Types of property 'size' are incompatible.
          Type 'Validator<string | number | null | undefined> | undefined' is not assignable to type 'Validator<number | null | undefined> | undefined'.
            Type 'Validator<string | number | null | undefined>' is not assignable to type 'Validator<number | null | undefined>'.
              Type 'string | number | null | undefined' is not assignable to type 'number | null | undefined'.
                Type 'string' is not assignable to type 'number'.
src/components/WorkflowVisualizer.tsx(30,5): error TS2322: Type 'ForwardRefExoticComponent<Omit<LucideProps, "ref"> & RefAttributes<SVGSVGElement>>' is not assignable to type 'FC<{ size?: number | undefined; color?: string | undefined; className?: string | undefined; }>'.
  Types of property 'propTypes' are incompatible.
    Type 'WeakValidationMap<Omit<LucideProps, "ref"> & RefAttributes<SVGSVGElement>> | undefined' is not assignable to type 'WeakValidationMap<{ size?: number | undefined; color?: string | undefined; className?: string | undefined; }> | undefined'.
      Type 'WeakValidationMap<Omit<LucideProps, "ref"> & RefAttributes<SVGSVGElement>>' is not assignable to type 'WeakValidationMap<{ size?: number | undefined; color?: string | undefined; className?: string | undefined; }>'.
        Types of property 'size' are incompatible.
          Type 'Validator<string | number | null | undefined> | undefined' is not assignable to type 'Validator<number | null | undefined> | undefined'.
            Type 'Validator<string | number | null | undefined>' is not assignable to type 'Validator<number | null | undefined>'.
              Type 'string | number | null | undefined' is not assignable to type 'number | null | undefined'.
                Type 'string' is not assignable to type 'number'.
src/pages/Analytics.tsx(3,22): error TS6133: 'TrendingDown' is declared but its value is never read.
src/pages/Analytics.tsx(3,36): error TS6133: 'Minus' is declared but its value is never read.
